2026-08-04T14:11:53.550259+00:00,controller_started
2026-08-04T14:12:00.250127+00:00,pass_completed collisions=0 min_static=0.091047 min_moving=0.114976 static_each=0.091047|0.092793|0.111392 moving_each=0.138708|0.114976
2026-08-04T14:12:00.300123+00:00,completed_pass_reset
2026-08-04T14:12:01.242855+00:00,controller_started
2026-08-04T14:12:08.315763+00:00,pass_completed collisions=0 min_static=0.091047 min_moving=0.114976 static_each=0.091047|0.092793|0.111392 moving_each=0.138708|0.114976
2026-08-04T14:12:08.367047+00:00,completed_pass_reset
2026-08-30T21:39:36.528237+00:00,controller_started
2026-08-30T21:40:04.824185+00:00,contact_moving time_s=39.296 object=1 distance=0.085801 robot_x=0.291564 robot_y=0.449461
2026-08-30T21:40:51.086687+00:00,controller_started
2026-08-30T21:41:19.616338+00:00,contact_moving time_s=39.616 object=1 distance=0.088970 robot_x=0.334755 robot_y=0.449458
2026-08-30T21:41:36.015090+00:00,controller_started
2026-08-30T21:41:59.098312+00:00,contact_moving time_s=39.232 object=1 distance=0.085326 robot_x=0.260548 robot_y=0.449472
2026-08-30T21:42:10.292190+00:00,controller_started
2026-08-30T21:42:40.881724+00:00,controller_started
2026-08-31T11:29:43.962618+00:00,controller_started
2026-08-31T20:55:20.317427+00:00,controller_started
2026-08-31T20:57:57.454108+00:00,time_limit_reset checkpoint_count=0 robot_x=1.096326 robot_y=0.286739 collisions=0 min_static=99.000000 min_moving=0.096915 static_each= moving_each=0.096915
2026-08-31T20:57:58.659265+00:00,controller_started
2026-08-31T21:00:47.279400+00:00,time_limit_reset checkpoint_count=0 robot_x=1.096326 robot_y=0.286739 collisions=0 min_static=99.000000 min_moving=0.096915 static_each= moving_each=0.096915
2026-08-31T21:00:48.501598+00:00,controller_started
2026-08-31T21:03:28.829250+00:00,time_limit_reset checkpoint_count=0 robot_x=1.096326 robot_y=0.286739 collisions=0 min_static=99.000000 min_moving=0.096915 static_each= moving_each=0.096915
2026-08-31T21:03:30.626840+00:00,controller_started
2026-08-31T21:05:49.721181+00:00,time_limit_reset checkpoint_count=0 robot_x=1.096326 robot_y=0.286739 collisions=0 min_static=99.000000 min_moving=0.096915 static_each= moving_each=0.096915
2026-08-31T21:05:51.610845+00:00,controller_started
2026-08-31T21:08:12.126414+00:00,time_limit_reset checkpoint_count=0 robot_x=1.096326 robot_y=0.286739 collisions=0 min_static=99.000000 min_moving=0.096915 static_each= moving_each=0.096915
2026-08-31T21:08:13.274383+00:00,controller_started
2026-08-31T21:12:47.739610+00:00,controller_started
2026-08-31T21:16:50.522744+00:00,controller_started
2026-09-03T09:36:44.681315+00:00,controller_started
2026-09-03T09:40:05.942143+00:00,controller_started
2026-09-04T13:38:30.568759+00:00,controller_started
2026-09-04T13:38:56.734101+00:00,controller_started
2026-09-04T13:41:03.283146+00:00,time_limit_reset checkpoint_count=0 robot_x=1.096326 robot_y=0.286739 collisions=0 min_static=99.000000 min_moving=0.096915 static_each= moving_each=0.096915
2026-09-04T13:57:09.705952+00:00,controller_started
2026-09-04T13:58:48.786833+00:00,time_limit_reset checkpoint_count=0 robot_x=1.096326 robot_y=0.286739 collisions=0 min_static=99.000000 min_moving=0.096915 static_each= moving_each=0.096915
2026-09-04T13:58:49.471169+00:00,controller_started
2026-09-06T14:25:23.515970+00:00,controller_started
2026-09-09T22:45:10.729498+00:00,controller_started
2026-09-09T22:45:28.046977+00:00,controller_started
2026-09-09T22:47:14.127197+00:00,controller_started
2026-09-09T22:50:26.209173+00:00,time_limit_reset checkpoint_count=0 robot_x=-0.151372 robot_y=-0.473997 collisions=0 min_static=99.000000 min_moving=0.096915 static_each= moving_each=0.096915
2026-09-09T22:50:31.611750+00:00,controller_started
